// Jest Snapshot v1, https://goo.gl/fbAQLP

exports[`Input Field test should match the snapshot 1`] = `
<input
  aria-invalid="false"
  class="MuiInputBase-input MuiInput-input"
  type="text"
  value="text"
/>
`;
