// Jest Snapshot v1, https://goo.gl/fbAQLP

exports[`Topics renders correctly should match shapshot 1`] = `
<DocumentFragment>
  <div
    class="MuiGrid-root makeStyles-grid-1"
  >
    <div
      class="MuiGrid-root"
    >
      <div
        class="MuiGrid-root"
      >
        <img
          class="makeStyles-Rectangle-2"
          src="https://cdn.zeplin.io/5f03041d8c8fc11335546618/assets/50247E5B-3788-492D-956F-63172A8FDBF8.png"
        />
      </div>
      <div
        class="MuiGrid-root"
      >
        <h2
          class="makeStyles-Telugu-3"
        >
          Telugu
        </h2>
      </div>
    </div>
    <div
      class="MuiGrid-root"
    >
      <div
        class="MuiGrid-root"
      >
        <img
          class="makeStyles-Rectangle-2"
          src="https://cdn.zeplin.io/5f03041d8c8fc11335546618/assets/4BA2C98D-1B0A-4984-A36F-3994BACDB944.png"
        />
      </div>
      <div
        class="MuiGrid-root"
      >
        <h2
          class="makeStyles-Telugu-3"
        >
          Hindi
        </h2>
      </div>
    </div>
    <div
      class="MuiGrid-root"
    >
      <div
        class="MuiGrid-root"
      >
        <img
          class="makeStyles-Rectangle-2"
          src="https://cdn.zeplin.io/5f03041d8c8fc11335546618/assets/80BD6795-E0BE-4765-9C23-F737D4F6AD7B.png"
        />
      </div>
      <div
        class="MuiGrid-root"
      >
        <h2
          class="makeStyles-Telugu-3"
        >
          English
        </h2>
      </div>
    </div>
    <div
      class="MuiGrid-root"
    >
      <div
        class="MuiGrid-root"
      >
        <img
          class="makeStyles-Rectangle-2"
          src="https://cdn.zeplin.io/5f03041d8c8fc11335546618/assets/40955D7D-20CD-4EF3-A752-728C3D5810E6.png"
        />
      </div>
      <div
        class="MuiGrid-root"
      >
        <h2
          class="makeStyles-Telugu-3"
        >
          Physics
        </h2>
      </div>
    </div>
    <div
      class="MuiGrid-root"
    >
      <div
        class="MuiGrid-root"
      >
        <img
          class="makeStyles-Rectangle-2"
          src="https://cdn.zeplin.io/5f03041d8c8fc11335546618/assets/AF4114D0-FABB-4712-804C-5BFCFF242AAB.png"
        />
      </div>
      <div
        class="MuiGrid-root"
      >
        <h2
          class="makeStyles-Telugu-3"
        >
          Chemistry
        </h2>
      </div>
    </div>
    <div
      class="MuiGrid-root"
    >
      <div
        class="MuiGrid-root"
      >
        <img
          class="makeStyles-Rectangle-2"
          src="https://cdn.zeplin.io/5f03041d8c8fc11335546618/assets/14055696-F8E6-4CF2-B2C1-9F881E3A0CF4.png"
        />
      </div>
      <div
        class="MuiGrid-root"
      >
        <h2
          class="makeStyles-Telugu-3"
        >
          Social
        </h2>
      </div>
    </div>
  </div>
</DocumentFragment>
`;
